
> user-service@1.0.0 start
> node dist/index.js

{"level":30,"time":1758562983812,"pid":19,"hostname":"ca37d391e92a","msg":"Server listening at http://127.0.0.1:3001"}
{"level":30,"time":1758562983812,"pid":19,"hostname":"ca37d391e92a","msg":"Server listening at http://172.18.0.7:3001"}
{"level":30,"time":1758562988324,"pid":19,"hostname":"ca37d391e92a","reqId":"req-1","req":{"method":"GET","url":"/me","host":"user:3001","remoteAddress":"172.18.0.8","remotePort":59710},"msg":"incoming request"}
Call came from: https://localhost:8000/
Origin: undefined
=== Request Details ===
URL: /me
Method: GET
Headers: {
  host: 'user:3001',
  connection: 'close',
  'user-agent': 'Mozilla/5.0 (X11; Linux x86_64; rv:141.0) Gecko/20100101 Firefox/141.0',
  accept: '*/*',
  'accept-language': 'nl,en-US;q=0.7,en;q=0.3',
  'accept-encoding': 'gzip, deflate, br, zstd',
  referer: 'https://localhost:8000/',
  'x-internal': 'true',
  info: 'checkSession',
  cookie: 'pageContent=mMZO3VuSdiIX1e9gS54fSjJbam2xmqKs.NHXn7OKEJHTgn2VA4nt%2Fc6DJ5Ib57CBtOcShD8DwNWM; UserInfo=iah4p2nZ_7AO4nN0iDOM4HX6CYPBKZHa.1HhNFTuDV%2BAcYb9t6j6Yq70eixo95W7zORtYIcfO5Pc',
  'sec-fetch-dest': 'empty',
  'sec-fetch-mode': 'cors',
  'sec-fetch-site': 'same-origin',
  priority: 'u=4'
}
IP: 172.18.0.8
Hostname: user
Protocol: http
req.session.user user_server: undefined




{"level":30,"time":1758562988371,"pid":19,"hostname":"ca37d391e92a","reqId":"req-1","res":{"statusCode":404},"responseTime":45.6290580034256,"msg":"request completed"}
{"level":30,"time":1758562988421,"pid":19,"hostname":"ca37d391e92a","reqId":"req-2","req":{"method":"GET","url":"/me","host":"user:3001","remoteAddress":"172.18.0.8","remotePort":59718},"msg":"incoming request"}
Call came from: https://localhost:8000/
Origin: undefined
=== Request Details ===
URL: /me
Method: GET
Headers: {
  host: 'user:3001',
  connection: 'close',
  'user-agent': 'Mozilla/5.0 (X11; Linux x86_64; rv:141.0) Gecko/20100101 Firefox/141.0',
  accept: '*/*',
  'accept-language': 'nl,en-US;q=0.7,en;q=0.3',
  'accept-encoding': 'gzip, deflate, br, zstd',
  referer: 'https://localhost:8000/',
  'x-internal': 'true',
  cookie: 'pageContent=DmtXU1lnptCMSqAPPHpC9FfD-VQ0ty-i.M7MIwmxt%2FAUETC5PsrhWExLUGEP9s9kk81BX9xnFutQ',
  'sec-fetch-dest': 'empty',
  'sec-fetch-mode': 'cors',
  'sec-fetch-site': 'same-origin',
  priority: 'u=4'
}
IP: 172.18.0.8
Hostname: user
Protocol: http
req.session.user user_server: undefined




{"level":30,"time":1758562988497,"pid":19,"hostname":"ca37d391e92a","reqId":"req-2","res":{"statusCode":200},"responseTime":75.46425399929285,"msg":"request completed"}
{"level":30,"time":1758562998349,"pid":19,"hostname":"ca37d391e92a","reqId":"req-3","req":{"method":"GET","url":"/me","host":"user:3001","remoteAddress":"172.18.0.3","remotePort":34792},"msg":"incoming request"}
Call came from: undefined
Origin: undefined
=== Request Details ===
URL: /me
Method: GET
Headers: {
  host: 'user:3001',
  connection: 'keep-alive',
  cookie: 'pageContent=DmtXU1lnptCMSqAPPHpC9FfD-VQ0ty-i.M7MIwmxt%2FAUETC5PsrhWExLUGEP9s9kk81BX9xnFutQ; UserInfo=b2bqpGcLfPgSWXalXg5Tkdm0ChMIfnDS.fslybGfXQ76l6lDBHGuliZUQU47mnmAf0kg0buoWeys',
  'content-type': 'application/json',
  'x-session-id': '',
  accept: '*/*',
  'accept-language': '*',
  'sec-fetch-mode': 'cors',
  'user-agent': 'node',
  'accept-encoding': 'gzip, deflate'
}
IP: 172.18.0.3
Hostname: user
Protocol: http
req.session.user user_server: {
  username: 'guest 4559',
  userId: -4559,
  email: 'guest4559@guest.nl',
  loginMethod: 'normal'
}




{"level":30,"time":1758562998351,"pid":19,"hostname":"ca37d391e92a","reqId":"req-3","res":{"statusCode":200},"responseTime":1.264216996729374,"msg":"request completed"}
{"level":30,"time":1758563008327,"pid":19,"hostname":"ca37d391e92a","reqId":"req-4","req":{"method":"GET","url":"/me","host":"user:3001","remoteAddress":"172.18.0.3","remotePort":34792},"msg":"incoming request"}
Call came from: undefined
Origin: undefined
=== Request Details ===
URL: /me
Method: GET
Headers: {
  host: 'user:3001',
  connection: 'keep-alive',
  cookie: 'pageContent=DmtXU1lnptCMSqAPPHpC9FfD-VQ0ty-i.M7MIwmxt%2FAUETC5PsrhWExLUGEP9s9kk81BX9xnFutQ; UserInfo=b2bqpGcLfPgSWXalXg5Tkdm0ChMIfnDS.fslybGfXQ76l6lDBHGuliZUQU47mnmAf0kg0buoWeys',
  'content-type': 'application/json',
  'x-session-id': '',
  accept: '*/*',
  'accept-language': '*',
  'sec-fetch-mode': 'cors',
  'user-agent': 'node',
  'accept-encoding': 'gzip, deflate'
}
IP: 172.18.0.3
Hostname: user
Protocol: http
req.session.user user_server: {
  username: 'guest 4559',
  userId: -4559,
  email: 'guest4559@guest.nl',
  loginMethod: 'normal'
}




{"level":30,"time":1758563008328,"pid":19,"hostname":"ca37d391e92a","reqId":"req-4","res":{"statusCode":200},"responseTime":1.2672969996929169,"msg":"request completed"}
{"level":30,"time":1758563018320,"pid":19,"hostname":"ca37d391e92a","reqId":"req-5","req":{"method":"POST","url":"/heartbeat","host":"user:3001","remoteAddress":"172.18.0.8","remotePort":52846},"msg":"incoming request"}
{"level":30,"time":1758563018322,"pid":19,"hostname":"ca37d391e92a","reqId":"req-5","res":{"statusCode":200},"responseTime":1.5090299993753433,"msg":"request completed"}
{"level":30,"time":1758563018327,"pid":19,"hostname":"ca37d391e92a","reqId":"req-6","req":{"method":"GET","url":"/me","host":"user:3001","remoteAddress":"172.18.0.3","remotePort":34792},"msg":"incoming request"}
Call came from: undefined
Origin: undefined
=== Request Details ===
URL: /me
Method: GET
Headers: {
  host: 'user:3001',
  connection: 'keep-alive',
  cookie: 'pageContent=DmtXU1lnptCMSqAPPHpC9FfD-VQ0ty-i.M7MIwmxt%2FAUETC5PsrhWExLUGEP9s9kk81BX9xnFutQ; UserInfo=b2bqpGcLfPgSWXalXg5Tkdm0ChMIfnDS.fslybGfXQ76l6lDBHGuliZUQU47mnmAf0kg0buoWeys',
  'content-type': 'application/json',
  'x-session-id': '',
  accept: '*/*',
  'accept-language': '*',
  'sec-fetch-mode': 'cors',
  'user-agent': 'node',
  'accept-encoding': 'gzip, deflate'
}
IP: 172.18.0.3
Hostname: user
Protocol: http
req.session.user user_server: {
  username: 'guest 4559',
  userId: -4559,
  email: 'guest4559@guest.nl',
  loginMethod: 'normal'
}




{"level":30,"time":1758563018328,"pid":19,"hostname":"ca37d391e92a","reqId":"req-6","res":{"statusCode":200},"responseTime":1.0177839994430542,"msg":"request completed"}
{"level":30,"time":1758563028327,"pid":19,"hostname":"ca37d391e92a","reqId":"req-7","req":{"method":"GET","url":"/me","host":"user:3001","remoteAddress":"172.18.0.3","remotePort":34792},"msg":"incoming request"}
Call came from: undefined
Origin: undefined
=== Request Details ===
URL: /me
Method: GET
Headers: {
  host: 'user:3001',
  connection: 'keep-alive',
  cookie: 'pageContent=DmtXU1lnptCMSqAPPHpC9FfD-VQ0ty-i.M7MIwmxt%2FAUETC5PsrhWExLUGEP9s9kk81BX9xnFutQ; UserInfo=b2bqpGcLfPgSWXalXg5Tkdm0ChMIfnDS.fslybGfXQ76l6lDBHGuliZUQU47mnmAf0kg0buoWeys',
  'content-type': 'application/json',
  'x-session-id': '',
  accept: '*/*',
  'accept-language': '*',
  'sec-fetch-mode': 'cors',
  'user-agent': 'node',
  'accept-encoding': 'gzip, deflate'
}
IP: 172.18.0.3
Hostname: user
Protocol: http
req.session.user user_server: {
  username: 'guest 4559',
  userId: -4559,
  email: 'guest4559@guest.nl',
  loginMethod: 'normal'
}




{"level":30,"time":1758563028328,"pid":19,"hostname":"ca37d391e92a","reqId":"req-7","res":{"statusCode":200},"responseTime":0.9280960038304329,"msg":"request completed"}
{"level":30,"time":1758563038327,"pid":19,"hostname":"ca37d391e92a","reqId":"req-8","req":{"method":"GET","url":"/me","host":"user:3001","remoteAddress":"172.18.0.3","remotePort":34792},"msg":"incoming request"}
Call came from: undefined
Origin: undefined
=== Request Details ===
URL: /me
Method: GET
Headers: {
  host: 'user:3001',
  connection: 'keep-alive',
  cookie: 'pageContent=DmtXU1lnptCMSqAPPHpC9FfD-VQ0ty-i.M7MIwmxt%2FAUETC5PsrhWExLUGEP9s9kk81BX9xnFutQ; UserInfo=b2bqpGcLfPgSWXalXg5Tkdm0ChMIfnDS.fslybGfXQ76l6lDBHGuliZUQU47mnmAf0kg0buoWeys',
  'content-type': 'application/json',
  'x-session-id': '',
  accept: '*/*',
  'accept-language': '*',
  'sec-fetch-mode': 'cors',
  'user-agent': 'node',
  'accept-encoding': 'gzip, deflate'
}
IP: 172.18.0.3
Hostname: user
Protocol: http
req.session.user user_server: {
  username: 'guest 4559',
  userId: -4559,
  email: 'guest4559@guest.nl',
  loginMethod: 'normal'
}




{"level":30,"time":1758563038329,"pid":19,"hostname":"ca37d391e92a","reqId":"req-8","res":{"statusCode":200},"responseTime":0.9570029973983765,"msg":"request completed"}
{"level":30,"time":1758563048321,"pid":19,"hostname":"ca37d391e92a","reqId":"req-9","req":{"method":"POST","url":"/heartbeat","host":"user:3001","remoteAddress":"172.18.0.8","remotePort":41206},"msg":"incoming request"}
{"level":30,"time":1758563048323,"pid":19,"hostname":"ca37d391e92a","reqId":"req-9","res":{"statusCode":200},"responseTime":1.7603610008955002,"msg":"request completed"}
{"level":30,"time":1758563048327,"pid":19,"hostname":"ca37d391e92a","reqId":"req-a","req":{"method":"GET","url":"/me","host":"user:3001","remoteAddress":"172.18.0.3","remotePort":34792},"msg":"incoming request"}
Call came from: undefined
Origin: undefined
=== Request Details ===
URL: /me
Method: GET
Headers: {
  host: 'user:3001',
  connection: 'keep-alive',
  cookie: 'pageContent=DmtXU1lnptCMSqAPPHpC9FfD-VQ0ty-i.M7MIwmxt%2FAUETC5PsrhWExLUGEP9s9kk81BX9xnFutQ; UserInfo=b2bqpGcLfPgSWXalXg5Tkdm0ChMIfnDS.fslybGfXQ76l6lDBHGuliZUQU47mnmAf0kg0buoWeys',
  'content-type': 'application/json',
  'x-session-id': '',
  accept: '*/*',
  'accept-language': '*',
  'sec-fetch-mode': 'cors',
  'user-agent': 'node',
  'accept-encoding': 'gzip, deflate'
}
IP: 172.18.0.3
Hostname: user
Protocol: http
req.session.user user_server: {
  username: 'guest 4559',
  userId: -4559,
  email: 'guest4559@guest.nl',
  loginMethod: 'normal'
}




{"level":30,"time":1758563048328,"pid":19,"hostname":"ca37d391e92a","reqId":"req-a","res":{"statusCode":200},"responseTime":1.0711560025811195,"msg":"request completed"}
{"level":30,"time":1758563058327,"pid":19,"hostname":"ca37d391e92a","reqId":"req-b","req":{"method":"GET","url":"/me","host":"user:3001","remoteAddress":"172.18.0.3","remotePort":34792},"msg":"incoming request"}
Call came from: undefined
Origin: undefined
=== Request Details ===
URL: /me
Method: GET
Headers: {
  host: 'user:3001',
  connection: 'keep-alive',
  cookie: 'pageContent=DmtXU1lnptCMSqAPPHpC9FfD-VQ0ty-i.M7MIwmxt%2FAUETC5PsrhWExLUGEP9s9kk81BX9xnFutQ; UserInfo=b2bqpGcLfPgSWXalXg5Tkdm0ChMIfnDS.fslybGfXQ76l6lDBHGuliZUQU47mnmAf0kg0buoWeys',
  'content-type': 'application/json',
  'x-session-id': '',
  accept: '*/*',
  'accept-language': '*',
  'sec-fetch-mode': 'cors',
  'user-agent': 'node',
  'accept-encoding': 'gzip, deflate'
}
IP: 172.18.0.3
Hostname: user
Protocol: http
req.session.user user_server: {
  username: 'guest 4559',
  userId: -4559,
  email: 'guest4559@guest.nl',
  loginMethod: 'normal'
}




{"level":30,"time":1758563058328,"pid":19,"hostname":"ca37d391e92a","reqId":"req-b","res":{"statusCode":200},"responseTime":0.8216729983687401,"msg":"request completed"}
{"level":30,"time":1758563068328,"pid":19,"hostname":"ca37d391e92a","reqId":"req-c","req":{"method":"GET","url":"/me","host":"user:3001","remoteAddress":"172.18.0.3","remotePort":34792},"msg":"incoming request"}
Call came from: undefined
Origin: undefined
=== Request Details ===
URL: /me
Method: GET
Headers: {
  host: 'user:3001',
  connection: 'keep-alive',
  cookie: 'pageContent=DmtXU1lnptCMSqAPPHpC9FfD-VQ0ty-i.M7MIwmxt%2FAUETC5PsrhWExLUGEP9s9kk81BX9xnFutQ; UserInfo=b2bqpGcLfPgSWXalXg5Tkdm0ChMIfnDS.fslybGfXQ76l6lDBHGuliZUQU47mnmAf0kg0buoWeys',
  'content-type': 'application/json',
  'x-session-id': '',
  accept: '*/*',
  'accept-language': '*',
  'sec-fetch-mode': 'cors',
  'user-agent': 'node',
  'accept-encoding': 'gzip, deflate'
}
IP: 172.18.0.3
Hostname: user
Protocol: http
req.session.user user_server: {
  username: 'guest 4559',
  userId: -4559,
  email: 'guest4559@guest.nl',
  loginMethod: 'normal'
}




{"level":30,"time":1758563068329,"pid":19,"hostname":"ca37d391e92a","reqId":"req-c","res":{"statusCode":200},"responseTime":0.7146809995174408,"msg":"request completed"}
{"level":30,"time":1758563078321,"pid":19,"hostname":"ca37d391e92a","reqId":"req-d","req":{"method":"POST","url":"/heartbeat","host":"user:3001","remoteAddress":"172.18.0.8","remotePort":53774},"msg":"incoming request"}
{"level":30,"time":1758563078322,"pid":19,"hostname":"ca37d391e92a","reqId":"req-d","res":{"statusCode":200},"responseTime":1.0294010043144226,"msg":"request completed"}
{"level":30,"time":1758563078328,"pid":19,"hostname":"ca37d391e92a","reqId":"req-e","req":{"method":"GET","url":"/me","host":"user:3001","remoteAddress":"172.18.0.3","remotePort":34792},"msg":"incoming request"}
Call came from: undefined
Origin: undefined
=== Request Details ===
URL: /me
Method: GET
Headers: {
  host: 'user:3001',
  connection: 'keep-alive',
  cookie: 'pageContent=DmtXU1lnptCMSqAPPHpC9FfD-VQ0ty-i.M7MIwmxt%2FAUETC5PsrhWExLUGEP9s9kk81BX9xnFutQ; UserInfo=b2bqpGcLfPgSWXalXg5Tkdm0ChMIfnDS.fslybGfXQ76l6lDBHGuliZUQU47mnmAf0kg0buoWeys',
  'content-type': 'application/json',
  'x-session-id': '',
  accept: '*/*',
  'accept-language': '*',
  'sec-fetch-mode': 'cors',
  'user-agent': 'node',
  'accept-encoding': 'gzip, deflate'
}
IP: 172.18.0.3
Hostname: user
Protocol: http
req.session.user user_server: {
  username: 'guest 4559',
  userId: -4559,
  email: 'guest4559@guest.nl',
  loginMethod: 'normal'
}




{"level":30,"time":1758563078328,"pid":19,"hostname":"ca37d391e92a","reqId":"req-e","res":{"statusCode":200},"responseTime":0.6055749952793121,"msg":"request completed"}
{"level":30,"time":1758563088328,"pid":19,"hostname":"ca37d391e92a","reqId":"req-f","req":{"method":"GET","url":"/me","host":"user:3001","remoteAddress":"172.18.0.3","remotePort":34792},"msg":"incoming request"}
Call came from: undefined
Origin: undefined
=== Request Details ===
URL: /me
Method: GET
Headers: {
  host: 'user:3001',
  connection: 'keep-alive',
  cookie: 'pageContent=DmtXU1lnptCMSqAPPHpC9FfD-VQ0ty-i.M7MIwmxt%2FAUETC5PsrhWExLUGEP9s9kk81BX9xnFutQ; UserInfo=b2bqpGcLfPgSWXalXg5Tkdm0ChMIfnDS.fslybGfXQ76l6lDBHGuliZUQU47mnmAf0kg0buoWeys',
  'content-type': 'application/json',
  'x-session-id': '',
  accept: '*/*',
  'accept-language': '*',
  'sec-fetch-mode': 'cors',
  'user-agent': 'node',
  'accept-encoding': 'gzip, deflate'
}
IP: 172.18.0.3
Hostname: user
Protocol: http
req.session.user user_server: {
  username: 'guest 4559',
  userId: -4559,
  email: 'guest4559@guest.nl',
  loginMethod: 'normal'
}




{"level":30,"time":1758563088329,"pid":19,"hostname":"ca37d391e92a","reqId":"req-f","res":{"statusCode":200},"responseTime":0.6819730028510094,"msg":"request completed"}
{"level":30,"time":1758563098329,"pid":19,"hostname":"ca37d391e92a","reqId":"req-g","req":{"method":"GET","url":"/me","host":"user:3001","remoteAddress":"172.18.0.3","remotePort":34792},"msg":"incoming request"}
Call came from: undefined
Origin: undefined
=== Request Details ===
URL: /me
Method: GET
Headers: {
  host: 'user:3001',
  connection: 'keep-alive',
  cookie: 'pageContent=DmtXU1lnptCMSqAPPHpC9FfD-VQ0ty-i.M7MIwmxt%2FAUETC5PsrhWExLUGEP9s9kk81BX9xnFutQ; UserInfo=b2bqpGcLfPgSWXalXg5Tkdm0ChMIfnDS.fslybGfXQ76l6lDBHGuliZUQU47mnmAf0kg0buoWeys',
  'content-type': 'application/json',
  'x-session-id': '',
  accept: '*/*',
  'accept-language': '*',
  'sec-fetch-mode': 'cors',
  'user-agent': 'node',
  'accept-encoding': 'gzip, deflate'
}
IP: 172.18.0.3
Hostname: user
Protocol: http
req.session.user user_server: {
  username: 'guest 4559',
  userId: -4559,
  email: 'guest4559@guest.nl',
  loginMethod: 'normal'
}




{"level":30,"time":1758563098329,"pid":19,"hostname":"ca37d391e92a","reqId":"req-g","res":{"statusCode":200},"responseTime":0.7594200000166893,"msg":"request completed"}
{"level":30,"time":1758563108383,"pid":19,"hostname":"ca37d391e92a","reqId":"req-h","req":{"method":"POST","url":"/heartbeat","host":"user:3001","remoteAddress":"172.18.0.8","remotePort":45764},"msg":"incoming request"}
{"level":30,"time":1758563108384,"pid":19,"hostname":"ca37d391e92a","reqId":"req-h","res":{"statusCode":200},"responseTime":1.0060850009322166,"msg":"request completed"}
{"level":30,"time":1758563108385,"pid":19,"hostname":"ca37d391e92a","reqId":"req-i","req":{"method":"GET","url":"/me","host":"user:3001","remoteAddress":"172.18.0.3","remotePort":34792},"msg":"incoming request"}
Call came from: undefined
Origin: undefined
=== Request Details ===
URL: /me
Method: GET
Headers: {
  host: 'user:3001',
  connection: 'keep-alive',
  cookie: 'pageContent=DmtXU1lnptCMSqAPPHpC9FfD-VQ0ty-i.M7MIwmxt%2FAUETC5PsrhWExLUGEP9s9kk81BX9xnFutQ; UserInfo=b2bqpGcLfPgSWXalXg5Tkdm0ChMIfnDS.fslybGfXQ76l6lDBHGuliZUQU47mnmAf0kg0buoWeys',
  'content-type': 'application/json',
  'x-session-id': '',
  accept: '*/*',
  'accept-language': '*',
  'sec-fetch-mode': 'cors',
  'user-agent': 'node',
  'accept-encoding': 'gzip, deflate'
}
IP: 172.18.0.3
Hostname: user
Protocol: http
req.session.user user_server: {
  username: 'guest 4559',
  userId: -4559,
  email: 'guest4559@guest.nl',
  loginMethod: 'normal'
}




{"level":30,"time":1758563108386,"pid":19,"hostname":"ca37d391e92a","reqId":"req-i","res":{"statusCode":200},"responseTime":0.627192996442318,"msg":"request completed"}
{"level":30,"time":1758563109179,"pid":19,"hostname":"ca37d391e92a","reqId":"req-j","req":{"method":"GET","url":"/me","host":"user:3001","remoteAddress":"172.18.0.2","remotePort":36654},"msg":"incoming request"}
Call came from: undefined
Origin: undefined
=== Request Details ===
URL: /me
Method: GET
Headers: {
  host: 'user:3001',
  connection: 'keep-alive',
  cookie: 'pageContent=DmtXU1lnptCMSqAPPHpC9FfD-VQ0ty-i.M7MIwmxt%2FAUETC5PsrhWExLUGEP9s9kk81BX9xnFutQ; UserInfo=b2bqpGcLfPgSWXalXg5Tkdm0ChMIfnDS.fslybGfXQ76l6lDBHGuliZUQU47mnmAf0kg0buoWeys',
  'content-type': 'application/json',
  'x-session-id': '',
  accept: '*/*',
  'accept-language': '*',
  'sec-fetch-mode': 'cors',
  'user-agent': 'node',
  'accept-encoding': 'gzip, deflate'
}
IP: 172.18.0.2
Hostname: user
Protocol: http
req.session.user user_server: {
  username: 'guest 4559',
  userId: -4559,
  email: 'guest4559@guest.nl',
  loginMethod: 'normal'
}




{"level":30,"time":1758563109180,"pid":19,"hostname":"ca37d391e92a","reqId":"req-j","res":{"statusCode":200},"responseTime":0.743197001516819,"msg":"request completed"}
